main.cpp:85:5:int main()	72	static
main.cpp:181:6:void SystemClock_Config()	136	static
main.cpp:233:13:void MX_CRC_Init()	8	static
main.cpp:259:13:void MX_I2C3_Init()	8	static
main.cpp:305:6:void MX_SPI5_Init()	8	static
main.cpp:343:13:void MX_USART1_UART_Init()	8	static
main.cpp:376:13:void MX_GPIO_Init()	64	static
main.cpp:457:6:void LED_Thread1(const void*)	16	static
main.cpp:473:6:void StartDefaultTask(const void*)	16	static
main.cpp:498:6:void HAL_TIM_PeriodElapsedCallback(TIM_HandleTypeDef*)	16	static
main.cpp:515:6:void Error_Handler()	4	static
