stm32f4xx_hal_msp.c:64:6:HAL_MspInit	16	static
stm32f4xx_hal_msp.c:88:6:HAL_CRC_MspInit	8	static
stm32f4xx_hal_msp.c:110:6:HAL_CRC_MspDeInit	0	static
stm32f4xx_hal_msp.c:132:6:HAL_I2C_MspInit	56	static
stm32f4xx_hal_msp.c:176:6:HAL_I2C_MspDeInit	8	static
stm32f4xx_hal_msp.c:207:6:HAL_SPI_MspInit	40	static
stm32f4xx_hal_msp.c:244:6:HAL_SPI_MspDeInit	0	static
stm32f4xx_hal_msp.c:274:6:HAL_TIM_Base_MspInit	8	static
stm32f4xx_hal_msp.c:296:6:HAL_TIM_Base_MspDeInit	0	static
stm32f4xx_hal_msp.c:318:6:HAL_UART_MspInit	40	static
stm32f4xx_hal_msp.c:354:6:HAL_UART_MspDeInit	0	static
